============================================================
闃舵19锛氬畬鏁村姛鑳藉洖褰掓祴璇?
娴嬭瘯鏃堕棿: 2026-06-15 19:40:14
============================================================

鍚庣鏈嶅姟: 鉁?鍙揪 (status=500)
鍓嶇鏈嶅姟: 鉁?鍙揪 (status=200)

=== 1. 鐢ㄦ埛璁よ瘉娴佺▼ ===
  鉁?[璁よ瘉] 绠＄悊鍛樼櫥褰?- 鎴愬姛鑾峰彇token
  鉁?[璁よ瘉] 鑾峰彇鐢ㄦ埛淇℃伅(/me) - username=admin, role=admin
  鉁?[璁よ瘉] Token鍒锋柊
  鉁?[璁よ瘉] 鐧诲嚭
  鉁?[璁よ瘉] 鏈璇佹嫤鎴?- 姝ｇ‘杩斿洖401
  鉁?[璁よ瘉] 閿欒瀵嗙爜鎷掔粷

=== 2. 妗堜欢澶勭悊娴佺▼ ===
  鉂?[妗堜欢绠＄悊] 妗堜欢鍒楄〃鏌ヨ - status=500
  鉁?[妗堜欢绠＄悊] 鍒涘缓妗堜欢 - case_id=101
  鉁?[妗堜欢绠＄悊] 鑾峰彇妗堜欢璇︽儏
  鉁?[妗堜欢绠＄悊] 鏇存柊妗堜欢
  鉂?[妗堜欢绠＄悊] 妗堜欢鐘舵€佺瓫閫?- status=500

=== 3. 涓夌淮搴﹀垎鏋愬姛鑳?===
  鈿狅笍 [涓夌淮搴﹀垎鏋怾 鍒嗘瀽鎵ц涓庣粨鏋?- 浠呭寘鍚? 鏈煡
  鈿狅笍 [涓夌淮搴﹀垎鏋怾 瑙勫垯瑙﹀彂鏈哄埗 - 鏈Е鍙戣鍒欙紙鍙兘鏂囨湰鏈懡涓級

=== 4. 鎶ュ憡鍔熻兘 ===
  鉂?[鎶ュ憡鍔熻兘] 鎶ュ憡鐢熸垚 - 鏃犲彲鐢╝nalysis_id

=== 5. 鏂囨。涓婁紶鍔熻兘 ===
  鉁?[鏂囨。涓婁紶] 鏂囨湰鏂囦欢涓婁紶 - 鎻愬彇57瀛楃
  鉁?[鏂囨。涓婁紶] 鏈璇佹嫤鎴?

=== 6. 鐭ヨ瘑搴撶鐞嗗姛鑳?===
  鉁?[鐭ヨ瘑搴揮 鐭ヨ瘑鏉＄洰鍒楄〃 - 鍏?鏉?
  鉂?[鐭ヨ瘑搴揮 鍒涘缓鐭ヨ瘑鏉＄洰 - status=500, detail=Internal Server Error
  鉁?[鐭ヨ瘑搴揮 鍒嗙被绛涢€?
  鉁?[鐭ヨ瘑搴揮 鐭ヨ瘑鍥捐氨鏁版嵁 - 鑺傜偣=0, 杈?0
  鉁?[鐭ヨ瘑搴揮 娉曞緥瑙勫垯鍒楄〃 - 鍏?鏉¤鍒?
  鉂?[鐭ヨ瘑搴揮 鏍囩鍒楄〃 - status=500

=== 7. 璇勬祴涓績鍔熻兘 ===
  鉂?[璇勬祴涓績] 璇勬祴浠诲姟鎵ц - status=500, detail=Internal Server Error
  鉁?[璇勬祴涓績] 鏉冮檺鎺у埗

=== 8. 妗堜欢鏍囨敞鍔熻兘 ===
  鉂?[妗堜欢鏍囨敞] 鍒涘缓鏍囨敞 - status=422, detail={"detail":[{"type":"value_error","loc":["body","labels",0,"label_type"],"msg":"Value error, 涓嶆敮鎸佺殑鏍囩绫诲瀷
  鉁?[妗堜欢鏍囨敞] 鑾峰彇鏍囨敞 - 鍏?鏉℃爣娉?
  鉁?[妗堜欢鏍囨敞] 鍒犻櫎鏍囨敞

=== 9. 绯荤粺绠＄悊鍔熻兘 ===
  鉂?[绯荤粺绠＄悊] 绯荤粺缁熻 - status=403
  鉂?[绯荤粺绠＄悊] 绯荤粺鏃ュ織鏌ヨ - status=403
  鉁?[绯荤粺绠＄悊] 鏉冮檺鎺у埗

=== 10. 鍓嶇椤甸潰鍙揪鎬?===
  鉁?[鍓嶇椤甸潰] 棣栭〉(/)
  鉁?[鍓嶇椤甸潰] 鐧诲綍椤?/login)
  鉁?[鍓嶇椤甸潰] 鍒嗘瀽涓婚〉(/main)
  鉁?[鍓嶇椤甸潰] 鏅鸿兘闃呭嵎(/generate)
  鉁?[鍓嶇椤甸潰] 鐭ヨ瘑搴?/knowledge)
  鉁?[鍓嶇椤甸潰] 鐭ヨ瘑鍥捐氨(/knowledge-graph)
  鉁?[鍓嶇椤甸潰] 妗堜欢绠＄悊(/cases)
  鉁?[鍓嶇椤甸潰] 瀹℃煡涓績(/review)
  鉁?[鍓嶇椤甸潰] 绯荤粺璁剧疆(/settings)

============================================================
娴嬭瘯缁撴灉姹囨€?
============================================================

鎬绘祴璇曢」: 39
鉁?閫氳繃: 28 (71.8%)
鉂?澶辫触: 9 (23.1%)
鈿狅笍  璀﹀憡: 2 (5.1%)

--- 澶辫触椤硅鎯?---
  鉂?[妗堜欢绠＄悊] 妗堜欢鍒楄〃鏌ヨ: status=500
  鉂?[妗堜欢绠＄悊] 妗堜欢鐘舵€佺瓫閫? status=500
  鉂?[鎶ュ憡鍔熻兘] 鎶ュ憡鐢熸垚: 鏃犲彲鐢╝nalysis_id
  鉂?[鐭ヨ瘑搴揮 鍒涘缓鐭ヨ瘑鏉＄洰: status=500, detail=Internal Server Error
  鉂?[鐭ヨ瘑搴揮 鏍囩鍒楄〃: status=500
  鉂?[璇勬祴涓績] 璇勬祴浠诲姟鎵ц: status=500, detail=Internal Server Error
  鉂?[妗堜欢鏍囨敞] 鍒涘缓鏍囨敞: status=422, detail={"detail":[{"type":"value_error","loc":["body","labels",0,"label_type"],"msg":"Value error, 涓嶆敮鎸佺殑鏍囩绫诲瀷
  鉂?[绯荤粺绠＄悊] 绯荤粺缁熻: status=403
  鉂?[绯荤粺绠＄悊] 绯荤粺鏃ュ織鏌ヨ: status=403

--- 璀﹀憡椤硅鎯?---
  鈿狅笍  [涓夌淮搴﹀垎鏋怾 鍒嗘瀽鎵ц涓庣粨鏋? 浠呭寘鍚? 鏈煡
  鈿狅笍  [涓夌淮搴﹀垎鏋怾 瑙勫垯瑙﹀彂鏈哄埗: 鏈Е鍙戣鍒欙紙鍙兘鏂囨湰鏈懡涓級

--- 妯″潡閫氳繃鐜?---
  鉂?涓夌淮搴﹀垎鏋? 0/2 (0%)
  鉁?鍓嶇椤甸潰: 9/9 (100%)
  鉂?鎶ュ憡鍔熻兘: 0/1 (0%)
  鉁?鏂囨。涓婁紶: 2/2 (100%)
  鉂?妗堜欢鏍囨敞: 2/3 (67%)
  鉂?妗堜欢绠＄悊: 3/5 (60%)
  鉂?鐭ヨ瘑搴? 4/6 (67%)
  鉂?绯荤粺绠＄悊: 1/3 (33%)
  鉁?璁よ瘉: 6/6 (100%)
  鉂?璇勬祴涓績: 1/2 (50%)

娴嬭瘯鎶ュ憡宸蹭繚瀛? regression_test_results.json
